name:Hillfort
world:Terrestria
en_link:Eastern Road
en_link:Western Road
upper_level:2
lower_level:0
building:5:fortress
populate:5:1:dwarven leader
populate:5:2-4:dwarven elite guard
populate:5:4-12:dwarven soldier
populate:5:8-20:dwarven citizen
building:4:tower
populate:4:6-10:dwarven soldier
building:3:gate house
populate:3:8-12:dwarven soldier
building:2:shop
building:2:shop
building:2:shop
building:2:shop
building:2:inn
building:2:tavern
populate:2:1-3:dwarven citizen
place:+:stone street
populate:+:0-1:dwarven guard
populate:+:0-2:dwarven citizen
place:#:wide stone street
en_place:@:wide stone street
en_place:@:wide stone street
populate:#:1-2:dwarven guard
populate:#:2-4:dwarven citizen
place:=:massive stone bridge
place:::atop the stone wall
level:::2
populate:::0-1:dwarven soldier
door:o:heavy wooden door
lock:o
door:g:solid iron door
lock:g
locked:g
closed:g
door:l:heavy iron gate
doorterm:l:gate
lock:l
locked:l
closed:l
clear:l
door:p:massive steel portcullis
doorterm:p:portcullis
remote:p
clear:p
ascii_map:

    4I:-:-:-:-:-:-:-:-:-:I4                                                               4I:-:-:-:-:-:-:-:-:-:I4
    Ig                   gI                                                               Ig                   gI
    : +-+-+-+-+-+-+-+-+-+ :                                                               : +-+-+-+-+-+-+-+-+-+ :
    | |     |     |     | |                                                               I |     |     |     | I
    : +o2 2o+o2 2o+o2 2o+ :                                                               : +o2 2o+o2 2o+o2 2o+ :
    | |     |     |     | |                                                               | |     |     |     | |
    : +o2 2o+o2 2o+o2 2o+ :                                                               : +o2 2o+o2 2o+o2 2o+ :
    | |     |     |     | |                                                               | |     |     |     | |
    : +-+-+-+-5 5-+-+-+-+ :                                                               : +-+-+-+-5 5-+-+-+-+ :
    | |     |     |     | |                                                               | |     |     |     | |
    : +o2 2o+o2 2o+o2 2o+ :                                                               : +o2 2o+o2 2o+o2 2o+ :
    | |     |     |     | |                                                               | |     |     |     | |
    : +o2s2o+o2s2o+o2s2o+ :                                                               : +o2s2o+o2s2o+o2s2o+ :
    | l     l     l     l |                                                               | l     l     l     l |
    : +o2 2o+o2 2o+o2 2o+ :                                                               : +o2 2o+o2 2o+o2 2o+ :
    I |     |     |     | I                                                               I |     |     |     | I
    4g+o2 2o+o2 2o+o2 2o+g4                                                               4g+o2 2o+o2 2o+o2 2o+g4
    I |     |     |     | I                                                               I |     |     |     | I
@-#p3p#--#--#--#--#--#--#p3p=-=-=-=-=-=-=-=-=-=-=-=-=-=-=-=-=-=-=-=-=-=-=-=-=-=-=-=-=-=-=p3p#--#--#--#--#--#--#p3p#-@
    I |     |     |     | I                                                               I |     |     |     | I
    4g+o2 2o+o2 2o+o2 2o+g4                                                               4g+o2 2o+o2 2o+o2 2o+g4
    I |     |     |     | I                                                               I |     |     |     | I
    : +o2 2o+o2 2o+o2 2o+ :                                                               : +o2 2o+o2 2o+o2 2o+ :
    | l     l     l     l |                                                               | l     l     l     l |
    : +o2s2o+o2s2o+o2s2o+ :                                                               : +o2s2o+o2s2o+o2s2o+ :
    | |     |     |     | |                                                               | |     |     |     | |
    : +o2 2o+o2 2o+o2 2o+ :                                                               : +o2 2o+o2 2o+o2 2o+ :
    | |     |     |     | |                                                               | |     |     |     | |
    : +-+-+-+-5 5-+-+-+-+ :                                                               : +-+-+-+-5 5-+-+-+-+ :
    | |     |     |     | |                                                               | |     |     |     | |
    : +o2 2o+o2 2o+o2 2o+ :                                                               : +o2 2o+o2 2o+o2 2o+ :
    | |     |     |     | |                                                               | |     |     |     | |
    : +o2 2o+o2 2o+o2 2o+ :                                                               : +o2 2o+o2 2o+o2 2o+ :
    | |     |     |     | |                                                               | |     |     |     | |
    : +-+-+-+-+-+-+-+-+-+ :                                                               : +-+-+-+-+-+-+-+-+-+ :
    Ig                   gI                                                               Ig                   gI
    4I:-:-:-:-:-:-:-:-:-:I4                                                               4I:-:-:-:-:-:-:-:-:-:I4
