name:Hillfort
world:Terrestria
en_link:Eastern Road
en_link:Western Road
upper_level:2
lower_level:0
building:5::fortress
stair:5.1:the grand stairway
stair:5.2:the grand stairway
house:5.4:1:leader,dwarven
house:5.3:8:elite,guard,dwarven
employ:5.3:1-2:elite,guard,dwarven
night:5.3:1-2:elite,guard,dwarven
employ:5.2:1-1:leader,dwarven
employ:5.2:1-2:elite,guard,dwarven
employ:5.1:1-2:elite,guard,dwarven
employ:5.0:4-8:guard,dwarven
employ:5.0:8-20:citizen,dwarven
building:4::tower
employ:4.3:2:soldier,dwarven
house:4.1:16:soldier,dwarven
house:4.0:12:guard,dwarven
building:3::gate house
blockedstair:3.1:a heavy iron grate
employ:3.2:1:soldier,dwarven
night:3.2:1:soldier,dwarven
employ:3.1:1:soldier,dwarven
night:3.1:1:soldier,dwarven
employ:3.0:2:soldier,dwarven
night:3.0:2:soldier,dwarven
building:2::shop
building:2::shop
building:2::shop
building:2::shop
building:2::inn
building:2::tavern
house:2.1:2-4:citizen,dwarven
house:2.1:0-3:dwarven
employ:2.0:1-2:citizen,dwarven
building:1:kiln,dwarven:The Hillfort Kiln
product:charcoal:100:100:kiln,master:wood:200:10
building:1:armory,dwarven:The Hillfort Armory
building:1:tavern,dwarven:The Hillfort Tavern
building:1:smithy,dwarven:The Hillfort Smithy
building:1:bladesmithy,dwarven:The Hillfort Bladesmithy
building:1:refinery,dwarven:The Hillfort Refinery
building:1:woodmill,dwarven:The Hillfort Woodmill
building:1:woodshop,dwarven:The Hillfort Woodshop
building:1:inn,large,good,meals,dwarven:The Hillfort Inn
building:1:store,food,human:The Hillfort Grocery
building:1:mint,dwarven:The Hillfort Mint
building:1:foundry,dwarven:The Hillfort Foundry
inorder:1
employ:1:1:master,dwarven
employ:1:1-3:citizen,dwarven
place:0::a lumber tent
place:0::a grainery tent
place:0::a grocery tent
place:0::a furrier tent
place:0::a furrier tent
place:0::a grocery tent
place:0::a grainery tent
place:0::a mining tent
inorder:0
employ:0:1-2:citizen,dwarven
place:+::stone street
employ:+:0-1:guard,dwarven
night:+:0-1:guard,dwarven
place:#::wide stone street
en_place:wide stone street
en_place:wide stone street
employ:#:1-2:guard,dwarven
place:=::massive stone bridge
place::::atop the stone wall
level:::2
employ:::0-1:soldier,dwarven
night:::0-1:soldier,dwarven
door:o:heavy wooden door
lock:o:resident,worker
key:o:an iron key
door:g:solid iron door
lock:g:common,soldier,guard
key:g:a solid iron key
locked:g
closed:g
door:l:heavy iron gate
doorterm:l:gate
lock:l:common,dwarven
key:l:a heavy iron key
locked:l
closed:l
clear:l
door:p:massive steel portcullis
doorterm:p:portcullis
fromabove:p
clear:p
ascii_map:

    4I:-:-:-:-:-:-:-:-:-:I4                                                               4I:-:-:-:-:-:-:-:-:-:I4
    Ig                   gI                                                               Ig                   gI
    : +-+-+-+-+-+-+-+-+-+ :                                                               : +-+-+-+-+-+-+-+-+-+ :
    | |     |     |     | |                                                               I |     |     |     | I
    : +o2 2o+o2 2o+o2 2o+ :                                                               : +o2 2o+o2 2o+o2 2o+ :
    | |     |     |     | |                                                               | |     |     |     | |
    : +o2 2o+o2 2o+o2 2o+ :                                                               : +o2 2o+o2 2o+o2 2o+ :
    | |     |     |     | |                                                               | |     |     |     | |
    : +-+-+-+-5 5-+-+-+-+ :                                                               : +-+-+-+-5 5-+-+-+-+ :
    | |     |     |     | |                                                               | |     |     |     | |
    : +o2 2o+o2 2o+o2 2o+ :                                                               : +o2 2o+o2 2o+o2 2o+ :
    | |     |     |     | |                                                               | |     |     |     | |
    : +o2s2o+o2s2o+o2s2o+ :                                                               : +o2s2o+o2s2o+o2s2o+ :
    | l     l     l     l |                                                               | l     l     l     l |
    : +o2 2o+o2 2o+o2 2o+ :                                                               : +o2 2o+o2 2o+o2 2o+ :
    I |     |     |     | I                                                               I |     |     |     | I
    4g+o2 2o+o2 2o+o2 2o+g4                                                               4g+o2 2o+o2 2o+o2 2o+g4
0 0 I |  1  |  1  |  1  | I                                                               I |  1  |  1  |  1  | I 0 0
| | I |  o  |  o  |  o  | I                                                               I |  o  |  o  |  o  | I | |
@-#p3p#--#--#--#--#--#--#p3p=-=-=-=-=-=-=-=-=-=-=-=-=-=-=-=-=-=-=-=-=-=-=-=-=-=-=-=-=-=-=p3p#--#--#--#--#--#--#p3p#-@
| | I |  o  |  o  |  o  | I                                                               I |  o  |  o  |  o  | I | |
0 0 I |  1  |  1  |  1  | I                                                               I |  1  |  1  |  1  | I 0 0
    4g+o2 2o+o2 2o+o2 2o+g4                                                               4g+o2 2o+o2 2o+o2 2o+g4
    I |     |     |     | I                                                               I |     |     |     | I
    : +o2 2o+o2 2o+o2 2o+ :                                                               : +o2 2o+o2 2o+o2 2o+ :
    | l     l     l     l |                                                               | l     l     l     l |
    : +o2s2o+o2s2o+o2s2o+ :                                                               : +o2s2o+o2s2o+o2s2o+ :
    | |     |     |     | |                                                               | |     |     |     | |
    : +o2 2o+o2 2o+o2 2o+ :                                                               : +o2 2o+o2 2o+o2 2o+ :
    | |     |     |     | |                                                               | |     |     |     | |
    : +-+-+-+-5 5-+-+-+-+ :                                                               : +-+-+-+-5 5-+-+-+-+ :
    | |     |     |     | |                                                               | |     |     |     | |
    : +o2 2o+o2 2o+o2 2o+ :                                                               : +o2 2o+o2 2o+o2 2o+ :
    | |     |     |     | |                                                               | |     |     |     | |
    : +o2 2o+o2 2o+o2 2o+ :                                                               : +o2 2o+o2 2o+o2 2o+ :
    | |     |     |     | |                                                               | |     |     |     | |
    : +-+-+-+-+-+-+-+-+-+ :                                                               : +-+-+-+-+-+-+-+-+-+ :
    Ig                   gI                                                               Ig                   gI
    4I:-:-:-:-:-:-:-:-:-:I4                                                               4I:-:-:-:-:-:-:-:-:-:I4
